2026-06-11 14:42:54,675 | INFO | Recommender Started
2026-06-11 14:42:54,739 | INFO | Datasets loaded
2026-06-11 14:42:54,751 | INFO | Daily returns created
2026-06-11 14:42:54,790 | INFO | VaR and CVaR calculated
2026-06-11 14:42:54,796 | INFO | Recommendations created
2026-06-11 14:42:54,803 | INFO | Files exported
2026-06-11 14:42:54,804 | INFO | Recommender completed
2026-06-11 14:46:32,719 | INFO | Recommender Started
2026-06-11 14:46:32,774 | INFO | Datasets loaded
2026-06-11 14:46:32,867 | INFO | Daily returns created
2026-06-11 14:46:32,899 | INFO | VaR and CVaR calculated
2026-06-11 14:46:32,899 | INFO | Recommendations created
2026-06-11 14:46:32,914 | INFO | Files exported
2026-06-11 14:46:32,919 | INFO | Recommender completed
2026-06-11 14:51:24,790 | INFO | Recommender Started
2026-06-11 14:55:34,990 | INFO | Recommender Started
2026-06-11 14:55:35,313 | INFO | Datasets loaded
2026-06-11 14:55:35,374 | INFO | Daily returns created
2026-06-11 14:55:35,405 | INFO | VaR and CVaR calculated
2026-06-11 14:55:35,405 | INFO | Recommendations created
2026-06-11 14:55:35,405 | INFO | Files exported
2026-06-11 14:55:35,417 | INFO | Recommender completed
2026-06-11 14:55:35,880 | INFO | Advanced Analytics Completed Successfully
